2026-07-26 19:44:32 INFO __main__ sender.application_started
2026-07-26 19:44:40 INFO __main__ sender.application_started
2026-07-26 20:21:45 INFO __main__ sender.application_started
2026-07-26 20:30:19 INFO __main__ sender.application_started
2026-07-26 20:43:19 INFO __main__ sender.application_started
2026-07-26 21:25:20 INFO __main__ sender.application_started
2026-07-26 21:26:47 INFO __main__ sender.application_started
2026-07-27 13:48:25 INFO __main__ sender.application_started
2026-07-28 15:25:46 INFO __main__ sender.application_started
2026-07-28 15:26:11 INFO __main__ receiver.application_started
2026-07-28 15:26:33 INFO app.transfer.receiver_service ReceiverService initialized with destination: D:\Test
2026-07-28 15:26:52 INFO app.transfer.receiver_service Connection accepted from ('127.0.0.1', 60624)
2026-07-28 15:26:52 INFO app.transfer.receiver_service Transfer session started: 5 file(s)
2026-07-28 15:26:52 INFO app.transfer.receiver_service Receiving file: 1.mkv
2026-07-28 15:31:47 INFO app.transfer.receiver_service File received OK: 1.mkv (7179724756 bytes)
2026-07-28 15:31:47 INFO app.transfer.receiver_service Receiving file: 2.mkv
2026-07-28 15:36:55 INFO app.transfer.receiver_service File received OK: 2.mkv (7499215642 bytes)
2026-07-28 15:36:55 INFO app.transfer.receiver_service Receiving file: 3.mp4
2026-07-28 15:38:41 INFO app.transfer.receiver_service File received OK: 3.mp4 (2679152369 bytes)
2026-07-28 15:38:41 INFO app.transfer.receiver_service Receiving file: 4.mp4
2026-07-28 15:39:07 ERROR app.transfer.receiver_service Connection error: Socket receive failed
